Application bundle generation failed. [3.828 seconds] - 2026-03-26T20:34:48.579Z

node.exe : [1m[31m[31mX 
[41;31m[[41;97mERROR[41;31m][0m 
[1mTS2339: Property 'apiUrl' does not exist 
on type '{ production: boolean; apiBaseUrl: 
string; publicBaseUrl: string; }'.[0m 
[1m[35m[plugin angular-compiler][0m
No C:\nvm4w\nodejs\npx.ps1:29 caractere:3
+   & $NODE_EXE $NPX_CLI_JS $args
+   ~~~~~~~~~~~~~~~~~~~~~~~~~~~~~
    + CategoryInfo          : NotSpecified:  
   ([1m[31m[31mX...r-compiler][0m:Strin  
  g) [], RemoteException
    + FullyQualifiedErrorId : NativeCommandE 
   rror
 

    src/app/core/services/membership-final.se
rvice.ts:21:43:
[37m      21 Ôöé   private readonly apiUrl 
= 
`${environment.[32mapiUrl[37m}/membership`;
         ÔòÁ                                 
           [32m~~~~~~[0m


[31mX [41;31m[[41;97mERROR[41;31m][0m 
[1mTS2339: Property 'apiUrl' does not exist 
on type '{ production: boolean; apiBaseUrl: 
string; publicBaseUrl: string; }'.[0m 
[1m[35m[plugin angular-compiler][0m

    src/app/core/services/membership.service.
ts:21:43:
[37m      21 Ôöé   private readonly apiUrl 
= 
`${environment.[32mapiUrl[37m}/membership`;
         ÔòÁ                                 
           [32m~~~~~~[0m


[31mX [41;31m[[41;97mERROR[41;31m][0m 
[1mCould not resolve "zone.js"[0m

    angular:polyfills:angular:polyfills:1:7:
[37m      1 Ôöé import [32m'zone.js'[37m;
        ÔòÁ        [32m~~~~~~~~~[0m

  You can mark the path "zone.js" as 
external to exclude it from the bundle, 
which will remove this error and leave the 
unresolved path in the bundle.

[39m[22m
