[33mÔØ»[39m Building...
[32mÔ£ö[39m Building...
Application bundle generation failed. [4.080 seconds] - 2026-03-24T15:15:11.483Z

node.exe : [1m[31m[31mX 
[41;31m[[41;97mERROR[41;31m][0m 
[1mNG2008: Could not find stylesheet file 
'./admin-news-page.component.css'.[0m 
[1m[35m[plugin angular-compiler][0m
No C:\nvm4w\nodejs\npx.ps1:29 caractere:3
+   & $NODE_EXE $NPX_CLI_JS $args
+   ~~~~~~~~~~~~~~~~~~~~~~~~~~~~~
    + CategoryInfo          : NotSpecified: ( 
   [1m[31m[31mX...r-compiler][0m:String)  
   [], RemoteException
    + FullyQualifiedErrorId : NativeCommandEr 
   ror
 

    src/app/features/admin/pages/news/admin-ne
ws-page.component.ts:314:12:
[37m      314 Ôöé   styleUrl: 
[32m'./admin-news-page.component.css'[37m,
          ÔòÁ             
[32m~~~~~~~~~~~~~~~~~~~~~~~~~~~~~~~~~[0m

[39m[22m
