Application bundle generation failed. [3.971 seconds] - 2026-03-26T20:42:10.019Z

